// Jest Snapshot v1, https://goo.gl/fbAQLP

exports[`tests for <RadioGroup /> should match SnapShot 1`] = `
<div
  className="md-radio-group"
/>
`;
