// Jest Snapshot v1, https://goo.gl/fbAQLP

exports[`tests for <Slider /> should match SnapShot 1`] = `
<div
  aria-valuemax={100}
  aria-valuemin={0}
  aria-valuetext="Low is 20, high is 40"
  className="md-slider"
  role="slider"
>
  <span
    className="md-slider__bar"
  />
  <span
    className="md-slider__selection"
    style={
      Object {
        "left": "20%",
        "width": "20%",
      }
    }
  />
  <SliderPointer
    onMove={[Function]}
    position={20}
  />
  <SliderPointer
    onMove={[Function]}
    position={40}
  />
  <div>
    <span
      className="md-slider__hashlabel"
      key="tick-0"
    >
      0
    </span>
    <span
      className="md-slider__hashlabel"
      key="tick-1"
    >
      100
    </span>
  </div>
</div>
`;
