// Jest Snapshot v1, https://goo.gl/fbAQLP

exports[`tests for <ContentItem /> should match SnapShot 1`] = `
<div>
  <ChatContentItem
    actionNode={null}
    aspect="sixteenNine"
    className=""
    content={null}
    fileSize=""
    gifIcon=""
    isProtected={false}
    loading={false}
    onClick={null}
    style={null}
    title=""
    type="chat"
  />
</div>
`;
