// Jest Snapshot v1, https://goo.gl/fbAQLP

exports[`tests for <Avatar /> should match SnapShot 1`] = `
<div
  className="md-avatar md-avatar--medium"
  title={null}
/>
`;
