// Jest Snapshot v1, https://goo.gl/fbAQLP

exports[`tests for <Spinner /> should render a Spinner 1`] = `
<i
  className="md-spinner md-spinner--36 md-spinner--black"
/>
`;
