// Jest Snapshot v1, https://goo.gl/fbAQLP

exports[`tests for <SpaceListItem /> should match SnapShot 1`] = `
<ContextTransform(ListItem)
  className=""
  id=""
  title="header"
  type="space"
>
  <ListItemSection
    className=""
    key="child-0"
    position="left"
  >
    <Avatar
      alt=""
      backgroundColor=""
      buttonClassName=""
      className={null}
      color=""
      failureBadge={false}
      hasNotification={false}
      hideDefaultTooltip={false}
      icon={null}
      initials={null}
      isDecrypting={false}
      isOverview={false}
      onClick={null}
      size="medium"
      src={null}
      theme={null}
      title="NA"
      type=""
    />
  </ListItemSection>
  <ListItemSection
    className=""
    key="child-1"
    position="center"
  >
    <div
      className="md-list-item__header"
    >
      header
    </div>
    <div
      className="md-list-item__subheader"
    />
  </ListItemSection>
  <ListItemSection
    className=""
    key="child-2"
    position="right"
  />
</ContextTransform(ListItem)>
`;
