// Jest Snapshot v1, https://goo.gl/fbAQLP

exports[`tests for <TabHeader /> should match SnapShot 1`] = `
<md-tab-heading>
  test
</md-tab-heading>
`;
