// Jest Snapshot v1, https://goo.gl/fbAQLP

exports[`tests for <Card /> should match SnapShot 1`] = `
<div
  className="md-card"
  id="test"
  onClick={null}
  onKeyDown={[Function]}
  role="presentation"
/>
`;
