// Jest Snapshot v1, https://goo.gl/fbAQLP

exports[`tests for <DatePickerMonth /> should match month SnapShot 1`] = `
<div
  className="md-datepicker__month"
>
  <DatePickerWeek
    day={"2018-03-31T18:30:00.000Z"}
    key="0"
    month={3}
  />
  <DatePickerWeek
    day={"2018-04-07T18:30:00.000Z"}
    key="1"
    month={3}
  />
  <DatePickerWeek
    day={"2018-04-14T18:30:00.000Z"}
    key="2"
    month={3}
  />
  <DatePickerWeek
    day={"2018-04-21T18:30:00.000Z"}
    key="3"
    month={3}
  />
  <DatePickerWeek
    day={"2018-04-28T18:30:00.000Z"}
    key="4"
    month={3}
  />
</div>
`;
