// Jest Snapshot v1, https://goo.gl/fbAQLP

exports[`tests for <MenuItem /> should render a MenuItem 1`] = `
<ContextConsumer>
  <Component />
</ContextConsumer>
`;
