// Jest Snapshot v1, https://goo.gl/fbAQLP

exports[`tests for <ListItem /> should match SnapShot 1`] = `
<ContextConsumer>
  <Component />
</ContextConsumer>
`;
