// Jest Snapshot v1, https://goo.gl/fbAQLP

exports[`tests for <SubMenu /> should render a SubMenu 1`] = `
<ContextConsumer>
  <Component />
</ContextConsumer>
`;
