// Jest Snapshot v1, https://goo.gl/fbAQLP

exports[`tests for <Tab /> should match SnapShot 1`] = `
<li
  className="md-tab__item md-type--pills"
  tabIndex="-1"
>
  <a
    aria-current={false}
    href="#"
    onClick={[Function]}
    onKeyDown={null}
    role="tab"
    tabIndex={-1}
  >
    test
  </a>
</li>
`;
