// Jest Snapshot v1, https://goo.gl/fbAQLP

exports[`tests for <AlertCall /> should match SnapShot 1`] = `
ShallowWrapper {
  Symbol(enzyme.__root__): [Circular],
  Symbol(enzyme.__unrendered__): <AlertCall
    avatar={null}
    caller={
      Object {
        "alt": "+1 408-555-1212",
        "title": "Jefe Guadelupe",
      }
    }
    defaultSelectedDevice={0}
    deviceListHeader="Device selection"
    devices={Array []}
    onAnswerShare={null}
    onAnswerVideo={null}
    onAnswerVoice={null}
    onDeviceSelect={null}
    onReject={null}
    rejectAriaLabel="reject call"
    shareAriaLabel="answer call with share"
    show={true}
    title="Incoming call"
    videoAriaLabel="answer call with video"
    voiceAriaLabel="answer call with voice"
  />,
  Symbol(enzyme.__renderer__): Object {
    "batchedUpdates": [Function],
    "checkPropTypes": [Function],
    "getNode": [Function],
    "render": [Function],
    "simulateError": [Function],
    "simulateEvent": [Function],
    "unmount": [Function],
  },
  Symbol(enzyme.__node__): Object {
    "instance": null,
    "key": undefined,
    "nodeType": "host",
    "props": Object {
      "children": Array [
        <div
          className="cui-alert__title"
        >
          Incoming call
        </div>,
        <div
          className="cui-alert__caller"
        >
          <Avatar
            alt="Jefe Guadelupe"
            backgroundColor=""
            buttonClassName=""
            className={null}
            color=""
            failureBadge={false}
            hasNotification={false}
            hideDefaultTooltip={false}
            icon={null}
            isDecrypting={false}
            isOverview={false}
            onClick={null}
            size="xlarge"
            src={null}
            theme={null}
            title="Jefe Guadelupe"
            type=""
          />
          <div
            className="cui-alert__caller-title"
          >
            Jefe Guadelupe
          </div>
          <div
            className="cui-alert__caller-subtitle"
          >
            +1 408-555-1212
          </div>
        </div>,
        <Unknown />,
        <div
          className="cui-alert--call--buttons"
        >
          <Button
            active={false}
            ariaLabel="reject call"
            ariaLabelledBy=""
            circle={true}
            className=""
            color="red"
            containerLarge={false}
            disabled={false}
            expand={false}
            href=""
            index={null}
            isButtonGroup={false}
            label=""
            large={false}
            loading={false}
            onClick={null}
            removeStyle={false}
            size={44}
            style={Object {}}
            tag="button"
            type="button"
          >
            <Icon
              ariaLabel={null}
              buttonClassName=""
              className=""
              color=""
              description=""
              isAria={true}
              name="cancel_24"
              onClick={null}
              size={null}
              title=""
              type=""
            />
          </Button>
        </div>,
      ],
      "className": "cui-alert cui-alert--call",
    },
    "ref": null,
    "rendered": Array [
      Object {
        "instance": null,
        "key": undefined,
        "nodeType": "host",
        "props": Object {
          "children": "Incoming call",
          "className": "cui-alert__title",
        },
        "ref": null,
        "rendered": "Incoming call",
        "type": "div",
      },
      Object {
        "instance": null,
        "key": undefined,
        "nodeType": "host",
        "props": Object {
          "children": Array [
            <Avatar
              alt="Jefe Guadelupe"
              backgroundColor=""
              buttonClassName=""
              className={null}
              color=""
              failureBadge={false}
              hasNotification={false}
              hideDefaultTooltip={false}
              icon={null}
              isDecrypting={false}
              isOverview={false}
              onClick={null}
              size="xlarge"
              src={null}
              theme={null}
              title="Jefe Guadelupe"
              type=""
            />,
            <div
              className="cui-alert__caller-title"
            >
              Jefe Guadelupe
            </div>,
            <div
              className="cui-alert__caller-subtitle"
            >
              +1 408-555-1212
            </div>,
          ],
          "className": "cui-alert__caller",
        },
        "ref": null,
        "rendered": Array [
          Object {
            "instance": null,
            "key": undefined,
            "nodeType": "class",
            "props": Object {
              "alt": "Jefe Guadelupe",
              "backgroundColor": "",
              "buttonClassName": "",
              "className": null,
              "color": "",
              "failureBadge": false,
              "hasNotification": false,
              "hideDefaultTooltip": false,
              "icon": null,
              "isDecrypting": false,
              "isOverview": false,
              "onClick": null,
              "size": "xlarge",
              "src": null,
              "theme": null,
              "title": "Jefe Guadelupe",
              "type": "",
            },
            "ref": null,
            "rendered": null,
            "type": [Function],
          },
          Object {
            "instance": null,
            "key": undefined,
            "nodeType": "host",
            "props": Object {
              "children": "Jefe Guadelupe",
              "className": "cui-alert__caller-title",
            },
            "ref": null,
            "rendered": "Jefe Guadelupe",
            "type": "div",
          },
          Object {
            "instance": null,
            "key": undefined,
            "nodeType": "host",
            "props": Object {
              "children": "+1 408-555-1212",
              "className": "cui-alert__caller-subtitle",
            },
            "ref": null,
            "rendered": "+1 408-555-1212",
            "type": "div",
          },
        ],
        "type": "div",
      },
      Object {
        "instance": null,
        "key": undefined,
        "nodeType": "function",
        "props": Object {
          "children": false,
        },
        "ref": null,
        "rendered": false,
        "type": [Function],
      },
      Object {
        "instance": null,
        "key": undefined,
        "nodeType": "host",
        "props": Object {
          "children": Array [
            null,
            null,
            null,
            <Button
              active={false}
              ariaLabel="reject call"
              ariaLabelledBy=""
              circle={true}
              className=""
              color="red"
              containerLarge={false}
              disabled={false}
              expand={false}
              href=""
              index={null}
              isButtonGroup={false}
              label=""
              large={false}
              loading={false}
              onClick={null}
              removeStyle={false}
              size={44}
              style={Object {}}
              tag="button"
              type="button"
            >
              <Icon
                ariaLabel={null}
                buttonClassName=""
                className=""
                color=""
                description=""
                isAria={true}
                name="cancel_24"
                onClick={null}
                size={null}
                title=""
                type=""
              />
            </Button>,
          ],
          "className": "cui-alert--call--buttons",
        },
        "ref": null,
        "rendered": Array [
          null,
          null,
          null,
          Object {
            "instance": null,
            "key": undefined,
            "nodeType": "class",
            "props": Object {
              "active": false,
              "ariaLabel": "reject call",
              "ariaLabelledBy": "",
              "children": <Icon
                ariaLabel={null}
                buttonClassName=""
                className=""
                color=""
                description=""
                isAria={true}
                name="cancel_24"
                onClick={null}
                size={null}
                title=""
                type=""
              />,
              "circle": true,
              "className": "",
              "color": "red",
              "containerLarge": false,
              "disabled": false,
              "expand": false,
              "href": "",
              "index": null,
              "isButtonGroup": false,
              "label": "",
              "large": false,
              "loading": false,
              "onClick": null,
              "removeStyle": false,
              "size": 44,
              "style": Object {},
              "tag": "button",
              "type": "button",
            },
            "ref": null,
            "rendered": Object {
              "instance": null,
              "key": undefined,
              "nodeType": "class",
              "props": Object {
                "ariaLabel": null,
                "buttonClassName": "",
                "className": "",
                "color": "",
                "description": "",
                "isAria": true,
                "name": "cancel_24",
                "onClick": null,
                "size": null,
                "title": "",
                "type": "",
              },
              "ref": null,
              "rendered": null,
              "type": [Function],
            },
            "type": [Function],
          },
        ],
        "type": "div",
      },
    ],
    "type": "div",
  },
  Symbol(enzyme.__nodes__): Array [
    Object {
      "instance": null,
      "key": undefined,
      "nodeType": "host",
      "props": Object {
        "children": Array [
          <div
            className="cui-alert__title"
          >
            Incoming call
          </div>,
          <div
            className="cui-alert__caller"
          >
            <Avatar
              alt="Jefe Guadelupe"
              backgroundColor=""
              buttonClassName=""
              className={null}
              color=""
              failureBadge={false}
              hasNotification={false}
              hideDefaultTooltip={false}
              icon={null}
              isDecrypting={false}
              isOverview={false}
              onClick={null}
              size="xlarge"
              src={null}
              theme={null}
              title="Jefe Guadelupe"
              type=""
            />
            <div
              className="cui-alert__caller-title"
            >
              Jefe Guadelupe
            </div>
            <div
              className="cui-alert__caller-subtitle"
            >
              +1 408-555-1212
            </div>
          </div>,
          <Unknown />,
          <div
            className="cui-alert--call--buttons"
          >
            <Button
              active={false}
              ariaLabel="reject call"
              ariaLabelledBy=""
              circle={true}
              className=""
              color="red"
              containerLarge={false}
              disabled={false}
              expand={false}
              href=""
              index={null}
              isButtonGroup={false}
              label=""
              large={false}
              loading={false}
              onClick={null}
              removeStyle={false}
              size={44}
              style={Object {}}
              tag="button"
              type="button"
            >
              <Icon
                ariaLabel={null}
                buttonClassName=""
                className=""
                color=""
                description=""
                isAria={true}
                name="cancel_24"
                onClick={null}
                size={null}
                title=""
                type=""
              />
            </Button>
          </div>,
        ],
        "className": "cui-alert cui-alert--call",
      },
      "ref": null,
      "rendered": Array [
        Object {
          "instance": null,
          "key": undefined,
          "nodeType": "host",
          "props": Object {
            "children": "Incoming call",
            "className": "cui-alert__title",
          },
          "ref": null,
          "rendered": "Incoming call",
          "type": "div",
        },
        Object {
          "instance": null,
          "key": undefined,
          "nodeType": "host",
          "props": Object {
            "children": Array [
              <Avatar
                alt="Jefe Guadelupe"
                backgroundColor=""
                buttonClassName=""
                className={null}
                color=""
                failureBadge={false}
                hasNotification={false}
                hideDefaultTooltip={false}
                icon={null}
                isDecrypting={false}
                isOverview={false}
                onClick={null}
                size="xlarge"
                src={null}
                theme={null}
                title="Jefe Guadelupe"
                type=""
              />,
              <div
                className="cui-alert__caller-title"
              >
                Jefe Guadelupe
              </div>,
              <div
                className="cui-alert__caller-subtitle"
              >
                +1 408-555-1212
              </div>,
            ],
            "className": "cui-alert__caller",
          },
          "ref": null,
          "rendered": Array [
            Object {
              "instance": null,
              "key": undefined,
              "nodeType": "class",
              "props": Object {
                "alt": "Jefe Guadelupe",
                "backgroundColor": "",
                "buttonClassName": "",
                "className": null,
                "color": "",
                "failureBadge": false,
                "hasNotification": false,
                "hideDefaultTooltip": false,
                "icon": null,
                "isDecrypting": false,
                "isOverview": false,
                "onClick": null,
                "size": "xlarge",
                "src": null,
                "theme": null,
                "title": "Jefe Guadelupe",
                "type": "",
              },
              "ref": null,
              "rendered": null,
              "type": [Function],
            },
            Object {
              "instance": null,
              "key": undefined,
              "nodeType": "host",
              "props": Object {
                "children": "Jefe Guadelupe",
                "className": "cui-alert__caller-title",
              },
              "ref": null,
              "rendered": "Jefe Guadelupe",
              "type": "div",
            },
            Object {
              "instance": null,
              "key": undefined,
              "nodeType": "host",
              "props": Object {
                "children": "+1 408-555-1212",
                "className": "cui-alert__caller-subtitle",
              },
              "ref": null,
              "rendered": "+1 408-555-1212",
              "type": "div",
            },
          ],
          "type": "div",
        },
        Object {
          "instance": null,
          "key": undefined,
          "nodeType": "function",
          "props": Object {
            "children": false,
          },
          "ref": null,
          "rendered": false,
          "type": [Function],
        },
        Object {
          "instance": null,
          "key": undefined,
          "nodeType": "host",
          "props": Object {
            "children": Array [
              null,
              null,
              null,
              <Button
                active={false}
                ariaLabel="reject call"
                ariaLabelledBy=""
                circle={true}
                className=""
                color="red"
                containerLarge={false}
                disabled={false}
                expand={false}
                href=""
                index={null}
                isButtonGroup={false}
                label=""
                large={false}
                loading={false}
                onClick={null}
                removeStyle={false}
                size={44}
                style={Object {}}
                tag="button"
                type="button"
              >
                <Icon
                  ariaLabel={null}
                  buttonClassName=""
                  className=""
                  color=""
                  description=""
                  isAria={true}
                  name="cancel_24"
                  onClick={null}
                  size={null}
                  title=""
                  type=""
                />
              </Button>,
            ],
            "className": "cui-alert--call--buttons",
          },
          "ref": null,
          "rendered": Array [
            null,
            null,
            null,
            Object {
              "instance": null,
              "key": undefined,
              "nodeType": "class",
              "props": Object {
                "active": false,
                "ariaLabel": "reject call",
                "ariaLabelledBy": "",
                "children": <Icon
                  ariaLabel={null}
                  buttonClassName=""
                  className=""
                  color=""
                  description=""
                  isAria={true}
                  name="cancel_24"
                  onClick={null}
                  size={null}
                  title=""
                  type=""
                />,
                "circle": true,
                "className": "",
                "color": "red",
                "containerLarge": false,
                "disabled": false,
                "expand": false,
                "href": "",
                "index": null,
                "isButtonGroup": false,
                "label": "",
                "large": false,
                "loading": false,
                "onClick": null,
                "removeStyle": false,
                "size": 44,
                "style": Object {},
                "tag": "button",
                "type": "button",
              },
              "ref": null,
              "rendered": Object {
                "instance": null,
                "key": undefined,
                "nodeType": "class",
                "props": Object {
                  "ariaLabel": null,
                  "buttonClassName": "",
                  "className": "",
                  "color": "",
                  "description": "",
                  "isAria": true,
                  "name": "cancel_24",
                  "onClick": null,
                  "size": null,
                  "title": "",
                  "type": "",
                },
                "ref": null,
                "rendered": null,
                "type": [Function],
              },
              "type": [Function],
            },
          ],
          "type": "div",
        },
      ],
      "type": "div",
    },
  ],
  Symbol(enzyme.__options__): Object {
    "adapter": ReactSixteenAdapter {
      "options": Object {
        "enableComponentDidUpdateOnSetState": true,
        "legacyContextMode": "parent",
        "lifecycles": Object {
          "componentDidUpdate": Object {
            "onSetState": true,
          },
          "getChildContext": Object {
            "calledByRenderer": false,
          },
          "getDerivedStateFromProps": true,
          "getSnapshotBeforeUpdate": true,
          "setState": Object {
            "skipsComponentDidUpdateOnNullish": true,
          },
        },
      },
    },
  },
}
`;
