// Jest Snapshot v1, https://goo.gl/fbAQLP

exports[`tests for <SelectOption /> should match SnapShot 1`] = `
<Component
  name={[Function]}
>
  <Component />
</Component>
`;
