// Jest Snapshot v1, https://goo.gl/fbAQLP

exports[`tests for <ModalHeader /> should match SnapShot 1`] = `
<div
  className="md-modal__header"
  id="test"
>
  <span
    aria-label={null}
    aria-level={null}
    className="md-modal__title"
    key="title-0"
    role={null}
  />
  <CloseIcon
    className="md-modal__close"
    onClick={[Function]}
  />
</div>
`;
