// Jest Snapshot v1, https://goo.gl/fbAQLP

exports[`tests for <TopbarRight /> should match SnapShot 1`] = `
<div
  className="md-top-bar__right"
  id="test"
/>
`;
