// Jest Snapshot v1, https://goo.gl/fbAQLP

exports[`tests for <Footer /> should match SnapShot 1`] = `
<footer
  className="md-footer md-footer--dark "
/>
`;
