// Jest Snapshot v1, https://goo.gl/fbAQLP

exports[`tests for <Select /> should match normal SnapShot 1`] = `
ShallowWrapper {
  Symbol(enzyme.__root__): [Circular],
  Symbol(enzyme.__unrendered__): <Select
    className=""
    defaultValue=""
    id={null}
    isDynamic={true}
    isMulti={false}
    onSelect={null}
    overlayProps={null}
  />,
  Symbol(enzyme.__renderer__): Object {
    "batchedUpdates": [Function],
    "checkPropTypes": [Function],
    "getNode": [Function],
    "render": [Function],
    "simulateError": [Function],
    "simulateEvent": [Function],
    "unmount": [Function],
  },
  Symbol(enzyme.__node__): Object {
    "instance": null,
    "key": undefined,
    "nodeType": "function",
    "props": Object {
      "children": <div
        className="cui-input-group cui-select"
      >
        <Button
          active={false}
          aria-haspopup="listbox"
          ariaLabel=""
          ariaLabelledBy="cui-select-1__label"
          circle={false}
          className="cui-button--input"
          color=""
          containerLarge={false}
          disabled={false}
          expand={false}
          href=""
          id={null}
          index={null}
          isButtonGroup={false}
          label=""
          large={false}
          loading={false}
          name="cui-select-1"
          onClick={[Function]}
          onSelect={null}
          removeStyle={false}
          size={36}
          style={Object {}}
          tag="button"
          type="button"
        >
          <div
            className="cui-select__label"
            id="cui-select-1__label"
          >
            
            <Icon
              ariaLabel={null}
              buttonClassName=""
              className=""
              color=""
              description=""
              isAria={true}
              name="arrow-down_16"
              onClick={null}
              size={null}
              title=""
              type=""
            />
          </div>
        </Button>
        <EventOverlay
          allowClickAway={true}
          anchorNode={null}
          checkOverflow={false}
          className=""
          close={[Function]}
          direction="bottom-left"
          isContained={false}
          isDynamic={true}
          isOpen={false}
          maxHeight={null}
          maxWidth={null}
          showArrow={false}
          style={null}
          targetOffset={
            Object {
              "horizontal": 0,
              "vertical": 0,
            }
          }
        >
          <List
            active={Array []}
            aria-labelledby="cui-select-1__label"
            aria-multiselectable={false}
            className=""
            focusFirst={true}
            id={null}
            itemRole="option"
            onSelect={[Function]}
            role="listbox"
            shouldFocusActive={false}
            shouldLoop={true}
            style={
              Object {
                "width": null,
              }
            }
            tabType="vertical"
            trackActive={true}
            type={null}
            wrap={false}
          />
        </EventOverlay>
      </div>,
      "value": false,
    },
    "ref": null,
    "rendered": Object {
      "instance": null,
      "key": undefined,
      "nodeType": "host",
      "props": Object {
        "children": Array [
          <Button
            active={false}
            aria-haspopup="listbox"
            ariaLabel=""
            ariaLabelledBy="cui-select-1__label"
            circle={false}
            className="cui-button--input"
            color=""
            containerLarge={false}
            disabled={false}
            expand={false}
            href=""
            id={null}
            index={null}
            isButtonGroup={false}
            label=""
            large={false}
            loading={false}
            name="cui-select-1"
            onClick={[Function]}
            onSelect={null}
            removeStyle={false}
            size={36}
            style={Object {}}
            tag="button"
            type="button"
          >
            <div
              className="cui-select__label"
              id="cui-select-1__label"
            >
              
              <Icon
                ariaLabel={null}
                buttonClassName=""
                className=""
                color=""
                description=""
                isAria={true}
                name="arrow-down_16"
                onClick={null}
                size={null}
                title=""
                type=""
              />
            </div>
          </Button>,
          <EventOverlay
            allowClickAway={true}
            anchorNode={null}
            checkOverflow={false}
            className=""
            close={[Function]}
            direction="bottom-left"
            isContained={false}
            isDynamic={true}
            isOpen={false}
            maxHeight={null}
            maxWidth={null}
            showArrow={false}
            style={null}
            targetOffset={
              Object {
                "horizontal": 0,
                "vertical": 0,
              }
            }
          >
            <List
              active={Array []}
              aria-labelledby="cui-select-1__label"
              aria-multiselectable={false}
              className=""
              focusFirst={true}
              id={null}
              itemRole="option"
              onSelect={[Function]}
              role="listbox"
              shouldFocusActive={false}
              shouldLoop={true}
              style={
                Object {
                  "width": null,
                }
              }
              tabType="vertical"
              trackActive={true}
              type={null}
              wrap={false}
            />
          </EventOverlay>,
        ],
        "className": "cui-input-group cui-select",
      },
      "ref": null,
      "rendered": Array [
        Object {
          "instance": null,
          "key": undefined,
          "nodeType": "class",
          "props": Object {
            "active": false,
            "aria-haspopup": "listbox",
            "ariaLabel": "",
            "ariaLabelledBy": "cui-select-1__label",
            "children": <div
              className="cui-select__label"
              id="cui-select-1__label"
            >
              
              <Icon
                ariaLabel={null}
                buttonClassName=""
                className=""
                color=""
                description=""
                isAria={true}
                name="arrow-down_16"
                onClick={null}
                size={null}
                title=""
                type=""
              />
            </div>,
            "circle": false,
            "className": "cui-button--input",
            "color": "",
            "containerLarge": false,
            "disabled": false,
            "expand": false,
            "href": "",
            "id": null,
            "index": null,
            "isButtonGroup": false,
            "label": "",
            "large": false,
            "loading": false,
            "name": "cui-select-1",
            "onClick": [Function],
            "onSelect": null,
            "removeStyle": false,
            "size": 36,
            "style": Object {},
            "tag": "button",
            "type": "button",
          },
          "ref": [Function],
          "rendered": Object {
            "instance": null,
            "key": undefined,
            "nodeType": "host",
            "props": Object {
              "children": Array [
                "",
                <Icon
                  ariaLabel={null}
                  buttonClassName=""
                  className=""
                  color=""
                  description=""
                  isAria={true}
                  name="arrow-down_16"
                  onClick={null}
                  size={null}
                  title=""
                  type=""
                />,
              ],
              "className": "cui-select__label",
              "id": "cui-select-1__label",
            },
            "ref": null,
            "rendered": Array [
              "",
              Object {
                "instance": null,
                "key": undefined,
                "nodeType": "class",
                "props": Object {
                  "ariaLabel": null,
                  "buttonClassName": "",
                  "className": "",
                  "color": "",
                  "description": "",
                  "isAria": true,
                  "name": "arrow-down_16",
                  "onClick": null,
                  "size": null,
                  "title": "",
                  "type": "",
                },
                "ref": null,
                "rendered": null,
                "type": [Function],
              },
            ],
            "type": "div",
          },
          "type": [Function],
        },
        Object {
          "instance": null,
          "key": undefined,
          "nodeType": "class",
          "props": Object {
            "allowClickAway": true,
            "anchorNode": null,
            "checkOverflow": false,
            "children": <List
              active={Array []}
              aria-labelledby="cui-select-1__label"
              aria-multiselectable={false}
              className=""
              focusFirst={true}
              id={null}
              itemRole="option"
              onSelect={[Function]}
              role="listbox"
              shouldFocusActive={false}
              shouldLoop={true}
              style={
                Object {
                  "width": null,
                }
              }
              tabType="vertical"
              trackActive={true}
              type={null}
              wrap={false}
            />,
            "className": "",
            "close": [Function],
            "direction": "bottom-left",
            "isContained": false,
            "isDynamic": true,
            "isOpen": false,
            "maxHeight": null,
            "maxWidth": null,
            "showArrow": false,
            "style": null,
            "targetOffset": Object {
              "horizontal": 0,
              "vertical": 0,
            },
          },
          "ref": null,
          "rendered": Object {
            "instance": null,
            "key": undefined,
            "nodeType": "class",
            "props": Object {
              "active": Array [],
              "aria-labelledby": "cui-select-1__label",
              "aria-multiselectable": false,
              "children": null,
              "className": "",
              "focusFirst": true,
              "id": null,
              "itemRole": "option",
              "onSelect": [Function],
              "role": "listbox",
              "shouldFocusActive": false,
              "shouldLoop": true,
              "style": Object {
                "width": null,
              },
              "tabType": "vertical",
              "trackActive": true,
              "type": null,
              "wrap": false,
            },
            "ref": [Function],
            "rendered": null,
            "type": [Function],
          },
          "type": [Function],
        },
      ],
      "type": "div",
    },
    "type": Object {
      "$$typeof": Symbol(react.provider),
      "_context": Object {
        "$$typeof": Symbol(react.context),
        "Consumer": Object {
          "$$typeof": Symbol(react.context),
          "_calculateChangedBits": null,
          "_context": [Circular],
        },
        "Provider": [Circular],
        "_calculateChangedBits": null,
        "_currentRenderer": null,
        "_currentRenderer2": null,
        "_currentValue": null,
        "_currentValue2": null,
        "_threadCount": 0,
      },
    },
  },
  Symbol(enzyme.__nodes__): Array [
    Object {
      "instance": null,
      "key": undefined,
      "nodeType": "function",
      "props": Object {
        "children": <div
          className="cui-input-group cui-select"
        >
          <Button
            active={false}
            aria-haspopup="listbox"
            ariaLabel=""
            ariaLabelledBy="cui-select-1__label"
            circle={false}
            className="cui-button--input"
            color=""
            containerLarge={false}
            disabled={false}
            expand={false}
            href=""
            id={null}
            index={null}
            isButtonGroup={false}
            label=""
            large={false}
            loading={false}
            name="cui-select-1"
            onClick={[Function]}
            onSelect={null}
            removeStyle={false}
            size={36}
            style={Object {}}
            tag="button"
            type="button"
          >
            <div
              className="cui-select__label"
              id="cui-select-1__label"
            >
              
              <Icon
                ariaLabel={null}
                buttonClassName=""
                className=""
                color=""
                description=""
                isAria={true}
                name="arrow-down_16"
                onClick={null}
                size={null}
                title=""
                type=""
              />
            </div>
          </Button>
          <EventOverlay
            allowClickAway={true}
            anchorNode={null}
            checkOverflow={false}
            className=""
            close={[Function]}
            direction="bottom-left"
            isContained={false}
            isDynamic={true}
            isOpen={false}
            maxHeight={null}
            maxWidth={null}
            showArrow={false}
            style={null}
            targetOffset={
              Object {
                "horizontal": 0,
                "vertical": 0,
              }
            }
          >
            <List
              active={Array []}
              aria-labelledby="cui-select-1__label"
              aria-multiselectable={false}
              className=""
              focusFirst={true}
              id={null}
              itemRole="option"
              onSelect={[Function]}
              role="listbox"
              shouldFocusActive={false}
              shouldLoop={true}
              style={
                Object {
                  "width": null,
                }
              }
              tabType="vertical"
              trackActive={true}
              type={null}
              wrap={false}
            />
          </EventOverlay>
        </div>,
        "value": false,
      },
      "ref": null,
      "rendered": Object {
        "instance": null,
        "key": undefined,
        "nodeType": "host",
        "props": Object {
          "children": Array [
            <Button
              active={false}
              aria-haspopup="listbox"
              ariaLabel=""
              ariaLabelledBy="cui-select-1__label"
              circle={false}
              className="cui-button--input"
              color=""
              containerLarge={false}
              disabled={false}
              expand={false}
              href=""
              id={null}
              index={null}
              isButtonGroup={false}
              label=""
              large={false}
              loading={false}
              name="cui-select-1"
              onClick={[Function]}
              onSelect={null}
              removeStyle={false}
              size={36}
              style={Object {}}
              tag="button"
              type="button"
            >
              <div
                className="cui-select__label"
                id="cui-select-1__label"
              >
                
                <Icon
                  ariaLabel={null}
                  buttonClassName=""
                  className=""
                  color=""
                  description=""
                  isAria={true}
                  name="arrow-down_16"
                  onClick={null}
                  size={null}
                  title=""
                  type=""
                />
              </div>
            </Button>,
            <EventOverlay
              allowClickAway={true}
              anchorNode={null}
              checkOverflow={false}
              className=""
              close={[Function]}
              direction="bottom-left"
              isContained={false}
              isDynamic={true}
              isOpen={false}
              maxHeight={null}
              maxWidth={null}
              showArrow={false}
              style={null}
              targetOffset={
                Object {
                  "horizontal": 0,
                  "vertical": 0,
                }
              }
            >
              <List
                active={Array []}
                aria-labelledby="cui-select-1__label"
                aria-multiselectable={false}
                className=""
                focusFirst={true}
                id={null}
                itemRole="option"
                onSelect={[Function]}
                role="listbox"
                shouldFocusActive={false}
                shouldLoop={true}
                style={
                  Object {
                    "width": null,
                  }
                }
                tabType="vertical"
                trackActive={true}
                type={null}
                wrap={false}
              />
            </EventOverlay>,
          ],
          "className": "cui-input-group cui-select",
        },
        "ref": null,
        "rendered": Array [
          Object {
            "instance": null,
            "key": undefined,
            "nodeType": "class",
            "props": Object {
              "active": false,
              "aria-haspopup": "listbox",
              "ariaLabel": "",
              "ariaLabelledBy": "cui-select-1__label",
              "children": <div
                className="cui-select__label"
                id="cui-select-1__label"
              >
                
                <Icon
                  ariaLabel={null}
                  buttonClassName=""
                  className=""
                  color=""
                  description=""
                  isAria={true}
                  name="arrow-down_16"
                  onClick={null}
                  size={null}
                  title=""
                  type=""
                />
              </div>,
              "circle": false,
              "className": "cui-button--input",
              "color": "",
              "containerLarge": false,
              "disabled": false,
              "expand": false,
              "href": "",
              "id": null,
              "index": null,
              "isButtonGroup": false,
              "label": "",
              "large": false,
              "loading": false,
              "name": "cui-select-1",
              "onClick": [Function],
              "onSelect": null,
              "removeStyle": false,
              "size": 36,
              "style": Object {},
              "tag": "button",
              "type": "button",
            },
            "ref": [Function],
            "rendered": Object {
              "instance": null,
              "key": undefined,
              "nodeType": "host",
              "props": Object {
                "children": Array [
                  "",
                  <Icon
                    ariaLabel={null}
                    buttonClassName=""
                    className=""
                    color=""
                    description=""
                    isAria={true}
                    name="arrow-down_16"
                    onClick={null}
                    size={null}
                    title=""
                    type=""
                  />,
                ],
                "className": "cui-select__label",
                "id": "cui-select-1__label",
              },
              "ref": null,
              "rendered": Array [
                "",
                Object {
                  "instance": null,
                  "key": undefined,
                  "nodeType": "class",
                  "props": Object {
                    "ariaLabel": null,
                    "buttonClassName": "",
                    "className": "",
                    "color": "",
                    "description": "",
                    "isAria": true,
                    "name": "arrow-down_16",
                    "onClick": null,
                    "size": null,
                    "title": "",
                    "type": "",
                  },
                  "ref": null,
                  "rendered": null,
                  "type": [Function],
                },
              ],
              "type": "div",
            },
            "type": [Function],
          },
          Object {
            "instance": null,
            "key": undefined,
            "nodeType": "class",
            "props": Object {
              "allowClickAway": true,
              "anchorNode": null,
              "checkOverflow": false,
              "children": <List
                active={Array []}
                aria-labelledby="cui-select-1__label"
                aria-multiselectable={false}
                className=""
                focusFirst={true}
                id={null}
                itemRole="option"
                onSelect={[Function]}
                role="listbox"
                shouldFocusActive={false}
                shouldLoop={true}
                style={
                  Object {
                    "width": null,
                  }
                }
                tabType="vertical"
                trackActive={true}
                type={null}
                wrap={false}
              />,
              "className": "",
              "close": [Function],
              "direction": "bottom-left",
              "isContained": false,
              "isDynamic": true,
              "isOpen": false,
              "maxHeight": null,
              "maxWidth": null,
              "showArrow": false,
              "style": null,
              "targetOffset": Object {
                "horizontal": 0,
                "vertical": 0,
              },
            },
            "ref": null,
            "rendered": Object {
              "instance": null,
              "key": undefined,
              "nodeType": "class",
              "props": Object {
                "active": Array [],
                "aria-labelledby": "cui-select-1__label",
                "aria-multiselectable": false,
                "children": null,
                "className": "",
                "focusFirst": true,
                "id": null,
                "itemRole": "option",
                "onSelect": [Function],
                "role": "listbox",
                "shouldFocusActive": false,
                "shouldLoop": true,
                "style": Object {
                  "width": null,
                },
                "tabType": "vertical",
                "trackActive": true,
                "type": null,
                "wrap": false,
              },
              "ref": [Function],
              "rendered": null,
              "type": [Function],
            },
            "type": [Function],
          },
        ],
        "type": "div",
      },
      "type": Object {
        "$$typeof": Symbol(react.provider),
        "_context": Object {
          "$$typeof": Symbol(react.context),
          "Consumer": Object {
            "$$typeof": Symbol(react.context),
            "_calculateChangedBits": null,
            "_context": [Circular],
          },
          "Provider": [Circular],
          "_calculateChangedBits": null,
          "_currentRenderer": null,
          "_currentRenderer2": null,
          "_currentValue": null,
          "_currentValue2": null,
          "_threadCount": 0,
        },
      },
    },
  ],
  Symbol(enzyme.__options__): Object {
    "adapter": ReactSixteenAdapter {
      "options": Object {
        "enableComponentDidUpdateOnSetState": true,
        "legacyContextMode": "parent",
        "lifecycles": Object {
          "componentDidUpdate": Object {
            "onSetState": true,
          },
          "getChildContext": Object {
            "calledByRenderer": false,
          },
          "getDerivedStateFromProps": Object {
            "hasShouldComponentUpdateBug": false,
          },
          "getSnapshotBeforeUpdate": true,
          "setState": Object {
            "skipsComponentDidUpdateOnNullish": true,
          },
        },
      },
    },
  },
  Symbol(enzyme.__childContext__): null,
}
`;
