// Jest Snapshot v1, https://goo.gl/fbAQLP

exports[`tests for <Button /> should match SnapShot 1`] = `
ShallowWrapper {
  Symbol(enzyme.__root__): [Circular],
  Symbol(enzyme.__unrendered__): <Button
    active={false}
    ariaLabel="test"
    ariaLabelledBy=""
    circle={false}
    className=""
    color=""
    containerLarge={false}
    disabled={false}
    expand={false}
    href=""
    index={null}
    isButtonGroup={false}
    label=""
    large={false}
    loading={false}
    onClick={null}
    removeStyle={false}
    size={36}
    style={Object {}}
    tag="button"
    type="button"
  >
    test
  </Button>,
  Symbol(enzyme.__renderer__): Object {
    "batchedUpdates": [Function],
    "checkPropTypes": [Function],
    "getNode": [Function],
    "render": [Function],
    "simulateError": [Function],
    "simulateEvent": [Function],
    "unmount": [Function],
  },
  Symbol(enzyme.__node__): Object {
    "instance": null,
    "key": undefined,
    "nodeType": "host",
    "props": Object {
      "alt": "test",
      "aria-label": "test",
      "children": Array [
        false,
        <span
          className="cui-button__children"
          style={
            Object {
              "opacity": "1",
            }
          }
        >
          test
        </span>,
      ],
      "className": "cui-button cui-button--36",
      "disabled": false,
      "href": undefined,
      "onClick": [Function],
      "onKeyDown": [Function],
      "style": Object {},
      "tabIndex": 0,
      "type": "button",
    },
    "ref": "button",
    "rendered": Array [
      false,
      Object {
        "instance": null,
        "key": "child-1",
        "nodeType": "host",
        "props": Object {
          "children": "test",
          "className": "cui-button__children",
          "style": Object {
            "opacity": "1",
          },
        },
        "ref": null,
        "rendered": "test",
        "type": "span",
      },
    ],
    "type": "button",
  },
  Symbol(enzyme.__nodes__): Array [
    Object {
      "instance": null,
      "key": undefined,
      "nodeType": "host",
      "props": Object {
        "alt": "test",
        "aria-label": "test",
        "children": Array [
          false,
          <span
            className="cui-button__children"
            style={
              Object {
                "opacity": "1",
              }
            }
          >
            test
          </span>,
        ],
        "className": "cui-button cui-button--36",
        "disabled": false,
        "href": undefined,
        "onClick": [Function],
        "onKeyDown": [Function],
        "style": Object {},
        "tabIndex": 0,
        "type": "button",
      },
      "ref": "button",
      "rendered": Array [
        false,
        Object {
          "instance": null,
          "key": "child-1",
          "nodeType": "host",
          "props": Object {
            "children": "test",
            "className": "cui-button__children",
            "style": Object {
              "opacity": "1",
            },
          },
          "ref": null,
          "rendered": "test",
          "type": "span",
        },
      ],
      "type": "button",
    },
  ],
  Symbol(enzyme.__options__): Object {
    "adapter": ReactSixteenAdapter {
      "options": Object {
        "enableComponentDidUpdateOnSetState": true,
        "legacyContextMode": "parent",
        "lifecycles": Object {
          "componentDidUpdate": Object {
            "onSetState": true,
          },
          "getChildContext": Object {
            "calledByRenderer": false,
          },
          "getDerivedStateFromProps": Object {
            "hasShouldComponentUpdateBug": false,
          },
          "getSnapshotBeforeUpdate": true,
          "setState": Object {
            "skipsComponentDidUpdateOnNullish": true,
          },
        },
      },
    },
  },
  Symbol(enzyme.__childContext__): null,
}
`;
